// Jest Snapshot v1, https://goo.gl/fbAQLP

exports[`renders and behaves correctly 1`] = `
ShallowWrapper {
  "length": 1,
  Symbol(enzyme.__root__): [Circular],
  Symbol(enzyme.__unrendered__): <Checkbox
    checked={false}
    color="#0185B7"
    disabled={false}
    onValueChange={[Function]}
    size={24}
    style={Object {}}
  />,
  Symbol(enzyme.__renderer__): Object {
    "batchedUpdates": [Function],
    "getNode": [Function],
    "render": [Function],
    "simulateEvent": [Function],
    "unmount": [Function],
  },
  Symbol(enzyme.__node__): Object {
    "instance": null,
    "key": undefined,
    "nodeType": "class",
    "props": Object {
      "activeOpacity": 0.2,
      "children": <Icon
        allowFontScaling={false}
        color="#0185B7"
        name="check-box-outline-blank"
        size={24}
      />,
      "disabled": false,
      "onPress": [Function],
      "style": Array [
        Object {
          "backgroundColor": "rgba(0,0,0,0)",
        },
        Object {},
      ],
    },
    "ref": null,
    "rendered": Object {
      "instance": null,
      "key": undefined,
      "nodeType": "class",
      "props": Object {
        "allowFontScaling": false,
        "color": "#0185B7",
        "name": "check-box-outline-blank",
        "size": 24,
      },
      "ref": null,
      "rendered": null,
      "type": [Function],
    },
    "type": [Function],
  },
  Symbol(enzyme.__nodes__): Array [
    Object {
      "instance": null,
      "key": undefined,
      "nodeType": "class",
      "props": Object {
        "activeOpacity": 0.2,
        "children": <Icon
          allowFontScaling={false}
          color="#0185B7"
          name="check-box-outline-blank"
          size={24}
        />,
        "disabled": false,
        "onPress": [Function],
        "style": Array [
          Object {
            "backgroundColor": "rgba(0,0,0,0)",
          },
          Object {},
        ],
      },
      "ref": null,
      "rendered": Object {
        "instance": null,
        "key": undefined,
        "nodeType": "class",
        "props": Object {
          "allowFontScaling": false,
          "color": "#0185B7",
          "name": "check-box-outline-blank",
          "size": 24,
        },
        "ref": null,
        "rendered": null,
        "type": [Function],
      },
      "type": [Function],
    },
  ],
  Symbol(enzyme.__options__): Object {
    "adapter": ReactSixteenAdapter {
      "options": Object {
        "enableComponentDidUpdateOnSetState": true,
      },
    },
  },
}
`;
